// Jest Snapshot v1, https://goo.gl/fbAQLP

exports[`should render ParkingDashboardPage correctly 1`] = `<[object Object] />`;
