// Jest Snapshot v1, https://goo.gl/fbAQLP

exports[`should render ParkingDetailPage correctly 1`] = `<[object Object] />`;
